contains the name of both the staff and the fellows who did not office allocations
Peter Muriuki
contains the names of fellows who requested accommodation and are not yet accommodated
Peter Muriuki
