ROOM_NAME
-------------------------------------
MEMBER 1, MEMBER 2, MEMBER 3


ROOM_NAME
-------------------------------------
MEMBER 1, MEMBER 2